RAM Allocation
Variable                                                          Address   Size
--------------------------------------------------------------------------------
bool_x                                                            0x0166       2
bool_y                                                            0x0168       2
_base_y                                                           0x016A       4
_lcd_x                                                            0x016E       1
_lcd_y                                                            0x016F       1
_lcd_maxx                                                         0x0170       1

EEPROM Allocation
Variable                                                          Address   Size
--------------------------------------------------------------------------------

Register Allocation
Variable                                                          Register  Size
--------------------------------------------------------------------------------
ball_x                                                            R4,R5        2
ball_y                                                            R6,R7        2
player1_y                                                         R8,R9        2
player2_y                                                         R10,R11      2
player1_score                                                     R12,R13      2
